RAM Allocation [bytes]
Variable                                                                          Address   Size
------------------------------------------------------------------------------------------------
str                                                                               0x0500       5
f                                                                                 0x0505       1
p                                                                                 0x0506       1
e                                                                                 0x0507       1
j                                                                                 0x0508       1
j1                                                                                0x0509       1
Time_us                                                                           0x050A       2
cunter_ms                                                                         0x050C       2
cunter_us                                                                         0x050E       2
u                                                                                 0x0510       4
k                                                                                 0x0514       1
_seed                                                                             0x0515       4
_base_y                                                                           0x0519       4
_lcd_x                                                                            0x051D       1
_lcd_y                                                                            0x051E       1
_lcd_maxx                                                                         0x051F       1

EEPROM Allocation [bytes]
Variable                                                                          Address   Size
------------------------------------------------------------------------------------------------

Register Allocation
Variable                                                                          Register  Size
------------------------------------------------------------------------------------------------
i                                                                                 R2.0      1bit
f2                                                                                R2.1      1bit
l                                                                                 R4,R5        2
DirectionR                                                                        R2.2      1bit
DirectionL                                                                        R2.3      1bit
b                                                                                 R2.4      1bit
SpeedR                                                                            R7           1
SpeedL                                                                            R6           1
V                                                                                 R9           1
RS                                                                                R10,R11      2
LsenKeyON                                                                         R12,R13      2
gg                                                                                R8           1
K0                                                                                R2.5      1bit
KP2                                                                               R2.6      1bit

FLASH Allocation [words]
Function                                                                          Address   Size
------------------------------------------------------------------------------------------------
LEDG                                                                              0x00162     17
LEDY                                                                              0x00173     18
ext_int5_isr                                                                      0x00185     79
timer1_ovf_isr                                                                    0x001D4     53
timer0_ovf_isr                                                                    0x00209     28
timer2_ovf_isr                                                                    0x00225     41
read_adc                                                                          0x0024E     14
Move                                                                              0x0025C     13
LineFollower                                                                      0x00269    481
choose                                                                            0x0044A    202
main                                                                              0x00514    307
itoa                                                                              0x00647     46
_lcd_write_nibble_G102                                                            0x00675     37
_lcd_write_data                                                                   0x0069A     13
lcd_gotoxy                                                                        0x006A7     17
lcd_clear                                                                         0x006B8     14
lcd_putchar                                                                       0x006C6     32
lcd_puts                                                                          0x006E6     15
lcd_putsf                                                                         0x006F5     19
lcd_init                                                                          0x00708     48
